// Jest Snapshot v1, https://goo.gl/fbAQLP

exports[`should render 1`] = `
<div>
  <div>
    <div
      class="header"
    >
      <h1
        class="header_text"
      >
        Property Listings
      </h1>
    </div>
    <div
      class="list_container"
    />
  </div>
</div>
`;
